Song A, 0.50, 0.50
Song B, 0.00, 1.00
Song C, -0.50, 1.50
FINED
